#-----------------------------------------------------------
# Vivado v2023.1 (64-bit)
# SW Build 3865809 on Sun May  7 15:05:29 MDT 2023
# IP Build 3864474 on Sun May  7 20:36:21 MDT 2023
# SharedData Build 3865790 on Sun May 07 13:33:03 MDT 2023
# Start of session at: Wed Dec 27 14:41:44 2023
# Process ID: 32920
# Current directory: C:/Users/gilst/OneDrive - AP Hogeschool Antwerpen/Prive/Documenten/GitHub/flappy-bird-fpga/flappy_birth.runs/synth_1
# Command line: vivado.exe -log Game.vds -product Vivado -mode batch -messageDb vivado.pb -notrace -source Game.tcl
# Log file: C:/Users/gilst/OneDrive - AP Hogeschool Antwerpen/Prive/Documenten/GitHub/flappy-bird-fpga/flappy_birth.runs/synth_1/Game.vds
# Journal file: C:/Users/gilst/OneDrive - AP Hogeschool Antwerpen/Prive/Documenten/GitHub/flappy-bird-fpga/flappy_birth.runs/synth_1\vivado.jou
# Running On: DESKTOP-DCN8JGR, OS: Windows, CPU Frequency: 3793 MHz, CPU Physical cores: 16, Host memory: 34303 MB
#-----------------------------------------------------------
source Game.tcl -notrace
